// Jest Snapshot v1, https://goo.gl/fbAQLP

exports[`Author Quiz Component renders correctly 1`] = `
ShallowWrapper {
  Symbol(enzyme.__root__): [Circular],
  Symbol(enzyme.__unrendered__): <AuthorQuiz
    highlight="none"
    onAnswerSelected={[Function]}
    turnData={
        Object {
            "author": Object {
              "books": Array [
                "The Adventures of Huckleberry Finn",
                "Life Of Mississippi",
                "Roughing It",
              ],
              "imageSource": "Wikimedia Commons",
              "imageUrl": "images/authors/marktwain.jpg",
              "name": "Mark Twain",
            },
            "books": Array [
              "The Adventures of Huckleberry Finn",
              "Life Of Mississippi",
              "Roughing It",
            ],
          }
    }
/>,
  Symbol(enzyme.__renderer__): Object {
    "batchedUpdates": [Function],
    "getNode": [Function],
    "render": [Function],
    "simulateError": [Function],
    "simulateEvent": [Function],
    "unmount": [Function],
  },
  Symbol(enzyme.__node__): Object {
    "instance": null,
    "key": undefined,
    "nodeType": "host",
    "props": Object {
      "children": Array [
        <Hero />,
        <Turn
          author={
                    Object {
                              "books": Array [
                                "The Adventures of Huckleberry Finn",
                                "Life Of Mississippi",
                                "Roughing It",
                              ],
                              "imageSource": "Wikimedia Commons",
                              "imageUrl": "images/authors/marktwain.jpg",
                              "name": "Mark Twain",
                            }
          }
          books={
                    Array [
                              "The Adventures of Huckleberry Finn",
                              "Life Of Mississippi",
                              "Roughing It",
                            ]
          }
          highlight="none"
          onAnswerSelected={[Function]}
/>,
        <Continue />,
        <Footer />,
      ],
      "className": "container-fluid",
    },
    "ref": null,
    "rendered": Array [
      Object {
        "instance": null,
        "key": undefined,
        "nodeType": "function",
        "props": Object {},
        "ref": null,
        "rendered": null,
        "type": [Function],
      },
      Object {
        "instance": null,
        "key": undefined,
        "nodeType": "function",
        "props": Object {
          "author": Object {
            "books": Array [
              "The Adventures of Huckleberry Finn",
              "Life Of Mississippi",
              "Roughing It",
            ],
            "imageSource": "Wikimedia Commons",
            "imageUrl": "images/authors/marktwain.jpg",
            "name": "Mark Twain",
          },
          "books": Array [
            "The Adventures of Huckleberry Finn",
            "Life Of Mississippi",
            "Roughing It",
          ],
          "highlight": "none",
          "onAnswerSelected": [Function],
        },
        "ref": null,
        "rendered": null,
        "type": [Function],
      },
      Object {
        "instance": null,
        "key": undefined,
        "nodeType": "function",
        "props": Object {},
        "ref": null,
        "rendered": null,
        "type": [Function],
      },
      Object {
        "instance": null,
        "key": undefined,
        "nodeType": "function",
        "props": Object {},
        "ref": null,
        "rendered": null,
        "type": [Function],
      },
    ],
    "type": "div",
  },
  Symbol(enzyme.__nodes__): Array [
    Object {
      "instance": null,
      "key": undefined,
      "nodeType": "host",
      "props": Object {
        "children": Array [
          <Hero />,
          <Turn
            author={
                        Object {
                                    "books": Array [
                                      "The Adventures of Huckleberry Finn",
                                      "Life Of Mississippi",
                                      "Roughing It",
                                    ],
                                    "imageSource": "Wikimedia Commons",
                                    "imageUrl": "images/authors/marktwain.jpg",
                                    "name": "Mark Twain",
                                  }
            }
            books={
                        Array [
                                    "The Adventures of Huckleberry Finn",
                                    "Life Of Mississippi",
                                    "Roughing It",
                                  ]
            }
            highlight="none"
            onAnswerSelected={[Function]}
/>,
          <Continue />,
          <Footer />,
        ],
        "className": "container-fluid",
      },
      "ref": null,
      "rendered": Array [
        Object {
          "instance": null,
          "key": undefined,
          "nodeType": "function",
          "props": Object {},
          "ref": null,
          "rendered": null,
          "type": [Function],
        },
        Object {
          "instance": null,
          "key": undefined,
          "nodeType": "function",
          "props": Object {
            "author": Object {
              "books": Array [
                "The Adventures of Huckleberry Finn",
                "Life Of Mississippi",
                "Roughing It",
              ],
              "imageSource": "Wikimedia Commons",
              "imageUrl": "images/authors/marktwain.jpg",
              "name": "Mark Twain",
            },
            "books": Array [
              "The Adventures of Huckleberry Finn",
              "Life Of Mississippi",
              "Roughing It",
            ],
            "highlight": "none",
            "onAnswerSelected": [Function],
          },
          "ref": null,
          "rendered": null,
          "type": [Function],
        },
        Object {
          "instance": null,
          "key": undefined,
          "nodeType": "function",
          "props": Object {},
          "ref": null,
          "rendered": null,
          "type": [Function],
        },
        Object {
          "instance": null,
          "key": undefined,
          "nodeType": "function",
          "props": Object {},
          "ref": null,
          "rendered": null,
          "type": [Function],
        },
      ],
      "type": "div",
    },
  ],
  Symbol(enzyme.__options__): Object {
    "adapter": ReactSixteenAdapter {
      "options": Object {
        "enableComponentDidUpdateOnSetState": true,
        "lifecycles": Object {
          "componentDidUpdate": Object {
            "onSetState": true,
          },
          "getDerivedStateFromProps": true,
          "getSnapshotBeforeUpdate": true,
          "setState": Object {
            "skipsComponentDidUpdateOnNullish": true,
          },
        },
      },
    },
    "attachTo": undefined,
    "hydrateIn": undefined,
  },
}
`;
